// Jest Snapshot v1, https://goo.gl/fbAQLP

exports[`Getting Started should match snapshot 1`] = `
<div
  className="gettingStartedstyled__StyledGettingStarted-sc-1k5igtd-1 kOdaww"
>
  <div
    className="gettingStartedstyled__HeaderContainer-sc-1k5igtd-0 fJNunX"
  >
    <h1
      className="headerstyled__StyledH1-sc-1y4xvz5-0 ifdpFf title"
      data-cy="intro-screen4-header"
    >
      Getting Started
    </h1>
    <div
      data-cy="intro-screen4-description"
      role="doc-subtitle"
    >
      Try these actions or voice commands
    </div>
  </div>
  <div
    className="gettingStartedstyled__StyledTaskList-sc-1k5igtd-2 VkVLL"
    data-cy="intro-screen4-list"
  >
    <div
      className="taskstyled__StyledTask-sc-1n5gkgl-0 krPpMb"
    >
      <div
        className="taskstyled__StyledItem-sc-1n5gkgl-1 fjArXj"
      >
        <svg
          height={24}
          viewBox="0 0 24 24"
          width={24}
          xmlns="http://www.w3.org/2000/svg"
        >
          <circle
            cx="11"
            cy="11"
            fill="#E6E6E6"
            fillRule="evenodd"
            opacity="1"
            r="11"
            transform="translate(1 1)"
          />
        </svg>
        <p
          className="textstyled__StyledText-sc-1vedkxi-0 fDyqSY"
          color="inherit"
          cursor="default"
          onClick={[Function]}
          size="md"
        >
          Turn Suki badge off and on
        </p>
      </div>
      <div
        className="taskstyled__StyledChildrenContainer-sc-1n5gkgl-2 ehrpBb"
      />
    </div>
    <div
      className="taskstyled__StyledTask-sc-1n5gkgl-0 krPpMb"
    >
      <div
        className="taskstyled__StyledItem-sc-1n5gkgl-1 fjArXj"
      >
        <svg
          height={24}
          viewBox="0 0 24 24"
          width={24}
          xmlns="http://www.w3.org/2000/svg"
        >
          <circle
            cx="11"
            cy="11"
            fill="#E6E6E6"
            fillRule="evenodd"
            opacity="1"
            r="11"
            transform="translate(1 1)"
          />
        </svg>
        <p
          className="textstyled__StyledText-sc-1vedkxi-0 fDyqSY"
          color="inherit"
          cursor="default"
          onClick={[Function]}
          size="md"
        >
          Play Demo
        </p>
      </div>
      <div
        className="taskstyled__StyledChildrenContainer-sc-1n5gkgl-2 ehrpBb"
      />
    </div>
    <div
      className="taskstyled__StyledTask-sc-1n5gkgl-0 krPpMb"
    >
      <div
        className="taskstyled__StyledItem-sc-1n5gkgl-1 fjArXj"
      >
        <svg
          height={24}
          viewBox="0 0 24 24"
          width={24}
          xmlns="http://www.w3.org/2000/svg"
        >
          <circle
            cx="11"
            cy="11"
            fill="#E6E6E6"
            fillRule="evenodd"
            opacity="1"
            r="11"
            transform="translate(1 1)"
          />
        </svg>
        <p
          className="textstyled__StyledText-sc-1vedkxi-0 fDyqSY"
          color="inherit"
          cursor="default"
          onClick={[Function]}
          size="md"
        >
          "Suki, What can I say ?"
        </p>
      </div>
      <div
        className="taskstyled__StyledChildrenContainer-sc-1n5gkgl-2 ehrpBb"
      />
    </div>
    <div
      className="taskstyled__StyledTask-sc-1n5gkgl-0 krPpMb"
    >
      <div
        className="taskstyled__StyledItem-sc-1n5gkgl-1 fjArXj"
      >
        <svg
          height={24}
          viewBox="0 0 24 24"
          width={24}
          xmlns="http://www.w3.org/2000/svg"
        >
          <circle
            cx="11"
            cy="11"
            fill="#E6E6E6"
            fillRule="evenodd"
            opacity="1"
            r="11"
            transform="translate(1 1)"
          />
        </svg>
        <p
          className="textstyled__StyledText-sc-1vedkxi-0 fDyqSY"
          color="inherit"
          cursor="default"
          onClick={[Function]}
          size="md"
        >
          Tap Patients to see your schedule or patient list
        </p>
      </div>
      <div
        className="taskstyled__StyledChildrenContainer-sc-1n5gkgl-2 ehrpBb"
      />
    </div>
    <div
      className="taskstyled__StyledTask-sc-1n5gkgl-0 krPpMb"
    >
      <div
        className="taskstyled__StyledItem-sc-1n5gkgl-1 fjArXj"
      >
        <svg
          height={24}
          viewBox="0 0 24 24"
          width={24}
          xmlns="http://www.w3.org/2000/svg"
        >
          <circle
            cx="11"
            cy="11"
            fill="#E6E6E6"
            fillRule="evenodd"
            opacity="1"
            r="11"
            transform="translate(1 1)"
          />
        </svg>
        <p
          className="textstyled__StyledText-sc-1vedkxi-0 fDyqSY"
          color="inherit"
          cursor="default"
          onClick={[Function]}
          size="md"
        >
          Complete 5 notes in Suki
        </p>
      </div>
      <div
        className="taskstyled__StyledChildrenContainer-sc-1n5gkgl-2 ehrpBb"
      >
        <div
          className="progressBarstyled__StyledBarContainer-sc-1ryqtdv-0 cwPInP"
          data-cy="intro-screen4-progress-bar"
        >
          <div
            className="progressBarstyled__StyledProgressItem-sc-1ryqtdv-1 progressBarstyled__StyledPendingItem-sc-1ryqtdv-2 fwFsfl bcfOoZ"
          />
          <div
            className="progressBarstyled__StyledProgressItem-sc-1ryqtdv-1 progressBarstyled__StyledPendingItem-sc-1ryqtdv-2 fwFsfl bcfOoZ"
          />
          <div
            className="progressBarstyled__StyledProgressItem-sc-1ryqtdv-1 progressBarstyled__StyledPendingItem-sc-1ryqtdv-2 fwFsfl bcfOoZ"
          />
          <div
            className="progressBarstyled__StyledProgressItem-sc-1ryqtdv-1 progressBarstyled__StyledPendingItem-sc-1ryqtdv-2 fwFsfl bcfOoZ"
          />
          <div
            className="progressBarstyled__StyledProgressItem-sc-1ryqtdv-1 progressBarstyled__StyledPendingItem-sc-1ryqtdv-2 fwFsfl bcfOoZ"
          />
        </div>
      </div>
    </div>
  </div>
</div>
`;
