// Jest Snapshot v1, https://goo.gl/fbAQLP

exports[`EmbedLoader should match snapshot 1`] = `"Loading"`;
