// Jest Snapshot v1, https://goo.gl/fbAQLP

exports[`Patient List Panel should match snapshot 1`] = `
<div
  className="listPanelstyled__StyledBody-sc-1mhlj0f-0 iytHHV"
  data-cy=""
  onMouseEnter={[Function]}
  onMouseLeave={[Function]}
>
  <div
    className="patientCellstyled__PatientCellContainer-sc-1r066ns-0 bwkvmv"
    type="schedule"
  >
    <p
      className="textstyled__StyledText-sc-1vedkxi-0 fytJms patientCellstyled__PatientName-sc-1r066ns-1 bjFiTR"
      color="inherit"
      cursor="pointer"
      data-cy="patient-name"
      onClick={[Function]}
      size="md"
    >
      John Snow
    </p>
    <span
      className="patientCellstyled__PatientAge-sc-1r066ns-3 cJQZsw"
      data-cy="patient-age"
    >
      29
    </span>
    <span
      className="patientCellstyled__PatientGender-sc-1r066ns-4 btTaoo"
      data-cy="patient-gender"
    >
      M
    </span>
  </div>
  <div
    className="listPanelstyled__StyledTime-sc-1mhlj0f-1 iUgSsb"
  >
    <p
      className="textstyled__StyledText-sc-1vedkxi-0 ixFoFi"
      color="inherit"
      cursor="pointer"
      data-cy="patient-appointment-time"
      onClick={[Function]}
      size="sm"
    >
      2:07 PM
    </p>
  </div>
  <div
    className="statusCellstyled__StyledContainer-sc-3olh8y-1 eBriFQ"
    onMouseEnter={[Function]}
    onMouseLeave={[Function]}
  >
    <svg
      fill="none"
      height={24}
      viewBox="0 0 21 23"
      width={24}
      xmlns="http://www.w3.org/2000/svg"
    >
      <path
        d="M18.3851 3.58965L17.6851 3.08845C17.5735 3.00861 17.4605 2.93077 17.3459 2.85497C17.198 2.7571 17.0476 2.66265 16.8948 2.57172C15.2172 1.57323 13.2516 0.998535 11.1468 0.998535C4.99061 0.998535 0 5.9234 0 11.9985C0 18.0737 4.99061 22.9985 11.1468 22.9985C15.2066 22.9985 18.7605 20.8574 20.7108 17.6523C20.8979 17.3447 20.8746 17.0405 20.7071 16.7726C20.5276 16.4856 20.1741 16.2422 19.7163 16.2012C19.4754 16.1796 19.16 16.3183 18.9476 16.6634C17.35 19.2601 14.4546 20.9985 11.1468 20.9985C6.10992 20.9985 2.0267 16.9691 2.0267 11.9985C2.0267 7.02797 6.10992 2.99854 11.1468 2.99854C12.4543 2.99854 13.7 3.27065 14.8269 3.76157C15.1934 3.92123 15.5471 4.10393 15.8862 4.30779L16.9868 4.96955L18.3851 3.58965Z"
        fill="#999999"
      />
      <path
        d="M9.26316 7.9459C9.26316 7.30642 9.78157 6.78801 10.4211 6.78801C11.0605 6.78801 11.5789 7.30642 11.5789 7.9459V13.7354C11.5789 14.3749 11.0605 14.8933 10.4211 14.8933C9.78157 14.8933 9.26316 14.3749 9.26316 13.7354V7.9459Z"
        fill="#999999"
      />
      <path
        d="M13.8947 12.5775C14.5342 12.5775 15.0526 13.0959 15.0526 13.7354C15.0526 14.3749 14.5342 14.8933 13.8947 14.8933H10.4211C9.78157 14.8933 9.26316 14.3749 9.26316 13.7354C9.26316 13.0959 9.78157 12.5775 10.4211 12.5775H13.8947Z"
        fill="#999999"
      />
    </svg>
  </div>
</div>
`;
