// Jest Snapshot v1, https://goo.gl/fbAQLP

exports[`Script Details should match snapshot 1`] = `
Array [
  <header
    className="pageHeaderstyled__StyledHeader-sc-1c290ge-0 bbpvdc"
  >
    <div
      className="pageHeaderstyled__StyledHeaderIconButton-sc-194eqq6-0 ksayiP"
    >
      <div
        className="navigationIconstyled__StyledNavigationIcon-lwvkbw-0 imuqWK"
        data-cy="header-close-button"
        onMouseEnter={[Function]}
        onMouseLeave={[Function]}
      >
        <button
          className="iconstyled__StyledButton-ifk1iv-0 kgKJBV"
          onClick={[Function]}
        >
          <svg
            height={24}
            viewBox="0 0 24 24"
            width={24}
            xmlns="http://www.w3.org/2000/svg"
          >
            <path
              d="M7.70857 6.29289C7.31805 5.90237 6.68488 5.90237 6.29436 6.29289C5.90383 6.68342 5.90383 7.31658 6.29436 7.70711L10.5865 11.9993L6.2944 16.2914C5.90388 16.6819 5.90388 17.3151 6.2944 17.7056C6.68493 18.0961 7.31809 18.0961 7.70862 17.7056L12.0007 13.4135L16.2928 17.7056C16.6834 18.0961 17.3165 18.0961 17.7071 17.7056C18.0976 17.3151 18.0976 16.6819 17.7071 16.2914L13.4149 11.9993L17.7071 7.70711C18.0976 7.31658 18.0976 6.68342 17.7071 6.29289C17.3166 5.90237 16.6834 5.90237 16.2929 6.29289L12.0007 10.5851L7.70857 6.29289Z"
              fill="#999999"
              xmlns="http://www.w3.org/2000/svg"
            />
          </svg>
        </button>
      </div>
    </div>
    <p
      className="textstyled__StyledText-sc-1vedkxi-0 ELlxq"
      color="inherit"
      cursor="default"
      onClick={[Function]}
      size="lg"
    >
      
    </p>
  </header>,
  <div
    className="scriptDetailsstyled__StyledCenterContent-sc-9vk7vc-2 MZKZD"
  >
    <svg
      enableBackground="new 0 0 0 0"
      height={56}
      id="L9"
      opacity="1"
      version="1.1"
      viewBox="0 0 100 100"
      width={56}
      x="0px"
      xmlSpace="preserve"
      xmlns="http://www.w3.org/2000/svg"
      y="0px"
    >
      <path
        d="M73,50c0-12.7-10.3-23-23-23S27,37.3,27,50 M30.9,50c0-10.5,8.5-19.1,19.1-19.1S69.1,39.5,69.1,50"
        fill="#cccccc"
      >
        <animateTransform
          attributeName="transform"
          attributeType="XML"
          dur="1s"
          from="0 50 50"
          repeatCount="indefinite"
          to="360 50 50"
          type="rotate"
        />
      </path>
    </svg>
  </div>,
]
`;
