// Jest Snapshot v1, https://goo.gl/fbAQLP

exports[`MissingICDCodes modal should match snapshot 1`] = `
Array [
  <div
    className="modalMaskstyled__StyledBackdrop-sc-169llx0-0 fRODrN"
    onClick={[Function]}
  />,
  <div
    className="modalstyled__StyledModal-sc-1u144rj-1 bKqWjs"
    data-cy=""
    height="auto"
    width={384}
  >
    <div
      aria-label="Close"
      className="modalstyled__StyledCloseButton-sc-1u144rj-0 bSHZet modal-close"
      height={56}
    >
      <div
        className="navigationIconstyled__StyledNavigationIcon-lwvkbw-0 imuqWK"
        data-cy=""
        onMouseEnter={[Function]}
        onMouseLeave={[Function]}
      >
        <button
          className="iconstyled__StyledButton-ifk1iv-0 kgKJBV"
          onClick={[Function]}
        >
          <svg
            height={24}
            viewBox="0 0 24 24"
            width={24}
            xmlns="http://www.w3.org/2000/svg"
          >
            <path
              d="M7.70857 6.29289C7.31805 5.90237 6.68488 5.90237 6.29436 6.29289C5.90383 6.68342 5.90383 7.31658 6.29436 7.70711L10.5865 11.9993L6.2944 16.2914C5.90388 16.6819 5.90388 17.3151 6.2944 17.7056C6.68493 18.0961 7.31809 18.0961 7.70862 17.7056L12.0007 13.4135L16.2928 17.7056C16.6834 18.0961 17.3165 18.0961 17.7071 17.7056C18.0976 17.3151 18.0976 16.6819 17.7071 16.2914L13.4149 11.9993L17.7071 7.70711C18.0976 7.31658 18.0976 6.68342 17.7071 6.29289C17.3166 5.90237 16.6834 5.90237 16.2929 6.29289L12.0007 10.5851L7.70857 6.29289Z"
              fill="#999999"
              xmlns="http://www.w3.org/2000/svg"
            />
          </svg>
        </button>
      </div>
    </div>
    <div
      className="missingICDCodesstyled__StyledMissingICDCodes-sc-1m7c2xg-0 gLrcto"
    >
      <h5
        className="headerstyled__StyledH5-sc-1y4xvz5-4 iITAex missingICDCodesstyled__StyledTitle-sc-1m7c2xg-1 kTshmN"
      >
        Some problems do not
      </h5>
      <h5
        className="headerstyled__StyledH5-sc-1y4xvz5-4 iITAex missingICDCodesstyled__StyledTitle-sc-1m7c2xg-1 kTshmN"
      >
        have ICD-10 codes
      </h5>
      <button
        className="buttonstyled__StyledButton-ws70ng-0 ONNNc missingICDCodesstyled__StyledButton-sc-1m7c2xg-2 helKCv"
        data-cy="button"
        disabled={false}
        height="48px"
        type="button"
        width="352px"
      >
        <p
          className="textstyled__StyledText-sc-1vedkxi-0 kTwEkJ"
          color="inherit"
          cursor="default"
          onClick={[Function]}
          size="xl"
        >
          Add more codes
        </p>
      </button>
      <button
        className="buttonstyled__StyledButton-ws70ng-0 iBnqfn missingICDCodesstyled__StyledButton-sc-1m7c2xg-2 eHdAfk"
        data-cy="button"
        disabled={false}
        height="48px"
        type="button"
        width="352px"
      >
        <p
          className="textstyled__StyledText-sc-1vedkxi-0 kTwEkJ"
          color="inherit"
          cursor="default"
          onClick={[Function]}
          size="xl"
        >
          Submit with missing codes
        </p>
      </button>
    </div>
  </div>,
]
`;
