// Jest Snapshot v1, https://goo.gl/fbAQLP

exports[`InitialsAvatar should match snapshot 1`] = `
<div
  className="initialsAvatarstyled__StyledInitialsAvatar-sc-1fhzzqc-0 fuMHvf"
  onClick={[Function]}
>
  DJ
</div>
`;
