// Jest Snapshot v1, https://goo.gl/fbAQLP

exports[`MultipleEncounters modal should match snapshot 1`] = `
Array [
  <div
    className="modalMaskstyled__StyledBackdrop-sc-169llx0-0 fRODrN"
    onClick={[Function]}
  />,
  <div
    className="modalstyled__StyledModal-sc-1u144rj-1 cbAisc"
    data-cy="multiple-encounters-modal"
    height="auto"
    width="560px"
  >
    <div
      aria-label="Close"
      className="modalstyled__StyledCloseButton-sc-1u144rj-0 bSHZet modal-close"
      height={56}
    >
      <div
        className="navigationIconstyled__StyledNavigationIcon-lwvkbw-0 imuqWK"
        data-cy=""
        onMouseEnter={[Function]}
        onMouseLeave={[Function]}
      >
        <button
          className="iconstyled__StyledButton-ifk1iv-0 kgKJBV"
          onClick={[Function]}
        >
          <svg
            height={24}
            viewBox="0 0 24 24"
            width={24}
            xmlns="http://www.w3.org/2000/svg"
          >
            <path
              d="M7.70857 6.29289C7.31805 5.90237 6.68488 5.90237 6.29436 6.29289C5.90383 6.68342 5.90383 7.31658 6.29436 7.70711L10.5865 11.9993L6.2944 16.2914C5.90388 16.6819 5.90388 17.3151 6.2944 17.7056C6.68493 18.0961 7.31809 18.0961 7.70862 17.7056L12.0007 13.4135L16.2928 17.7056C16.6834 18.0961 17.3165 18.0961 17.7071 17.7056C18.0976 17.3151 18.0976 16.6819 17.7071 16.2914L13.4149 11.9993L17.7071 7.70711C18.0976 7.31658 18.0976 6.68342 17.7071 6.29289C17.3166 5.90237 16.6834 5.90237 16.2929 6.29289L12.0007 10.5851L7.70857 6.29289Z"
              fill="#999999"
              xmlns="http://www.w3.org/2000/svg"
            />
          </svg>
        </button>
      </div>
    </div>
    <div
      className="multipleEncountersstyled__StyledMultipleEncountersContainer-sc-3r72xs-1 iHQGft"
    >
      <h5
        className="headerstyled__StyledH5-sc-1y4xvz5-4 iITAex"
      >
        Select the visit for this note
      </h5>
      <div
        className="multipleEncountersstyled__StyledEncounter-sc-3r72xs-3 bRWNuY"
        onClick={[Function]}
      >
        <div
          className="styles__FlexLeftColumn-vrndfe-0 elqfwi"
        >
          <p
            className="textstyled__StyledText-sc-1vedkxi-0 gQoCmW"
            color="inherit"
            cursor="default"
            onClick={[Function]}
            size="md"
          >
            Admission
          </p>
          <p
            className="textstyled__StyledText-sc-1vedkxi-0 leaaTa"
            color="inherit"
            cursor="default"
            onClick={[Function]}
            size="sm"
          >
            Dr. Mary Adams
          </p>
        </div>
        <div
          className="styles__FlexRightColumn-vrndfe-1 eXOVVD"
        >
          <p
            className="textstyled__StyledText-sc-1vedkxi-0 kWpgJQ"
            color="inherit"
            cursor="default"
            onClick={[Function]}
            size="sm"
          >
            01/07/2021
          </p>
          <p
            className="textstyled__StyledText-sc-1vedkxi-0 leaaTa"
            color="inherit"
            cursor="default"
            onClick={[Function]}
            size="sm"
          >
            11:27 AM
          </p>
        </div>
      </div>
      <div
        className="multipleEncountersstyled__StyledEncounter-sc-3r72xs-3 bRWNuY"
        onClick={[Function]}
      >
        <div
          className="styles__FlexLeftColumn-vrndfe-0 elqfwi"
        >
          <p
            className="textstyled__StyledText-sc-1vedkxi-0 gQoCmW"
            color="inherit"
            cursor="default"
            onClick={[Function]}
            size="md"
          >
            [Visit type]
          </p>
          <p
            className="textstyled__StyledText-sc-1vedkxi-0 leaaTa"
            color="inherit"
            cursor="default"
            onClick={[Function]}
            size="sm"
          >
            Dr. John Barry
          </p>
        </div>
        <div
          className="styles__FlexRightColumn-vrndfe-1 eXOVVD"
        >
          <p
            className="textstyled__StyledText-sc-1vedkxi-0 kWpgJQ"
            color="inherit"
            cursor="default"
            onClick={[Function]}
            size="sm"
          >
            12/07/2022
          </p>
          <p
            className="textstyled__StyledText-sc-1vedkxi-0 leaaTa"
            color="inherit"
            cursor="default"
            onClick={[Function]}
            size="sm"
          >
            02:07 PM
          </p>
        </div>
      </div>
      <div
        className="multipleEncountersstyled__StyledText-sc-3r72xs-2 cMvITA"
      >
        <p
          className="textstyled__StyledText-sc-1vedkxi-0 fDyqSY"
          color="inherit"
          cursor="default"
          onClick={[Function]}
          size="md"
        >
          or
        </p>
      </div>
      <button
        className="multipleEncountersstyled__StyledButton-sc-3r72xs-0 kzuxIU"
      >
        Submit to EMR chart
      </button>
      <button
        className="multipleEncountersstyled__StyledButton-sc-3r72xs-0 kzuxIU"
      >
        Save to unfinished notes
      </button>
    </div>
  </div>,
]
`;
