// Jest Snapshot v1, https://goo.gl/fbAQLP

exports[`iCD10LookupModal should match snapshot 1`] = `
Array [
  <div
    className="modalMaskstyled__StyledBackdrop-sc-169llx0-0 fRODrN"
    onClick={[Function]}
  />,
  <div
    className="modalstyled__StyledModal-sc-1u144rj-1 izNwMJ"
    data-cy=""
    height={600}
    width={560}
  >
    <div
      aria-label="Close"
      className="modalstyled__StyledCloseButton-sc-1u144rj-0 bSHZet modal-close"
      height={56}
    >
      <div
        className="navigationIconstyled__StyledNavigationIcon-lwvkbw-0 imuqWK"
        data-cy=""
        onMouseEnter={[Function]}
        onMouseLeave={[Function]}
      >
        <button
          className="iconstyled__StyledButton-ifk1iv-0 kgKJBV"
          onClick={[Function]}
        >
          <svg
            height={24}
            viewBox="0 0 24 24"
            width={24}
            xmlns="http://www.w3.org/2000/svg"
          >
            <path
              d="M7.70857 6.29289C7.31805 5.90237 6.68488 5.90237 6.29436 6.29289C5.90383 6.68342 5.90383 7.31658 6.29436 7.70711L10.5865 11.9993L6.2944 16.2914C5.90388 16.6819 5.90388 17.3151 6.2944 17.7056C6.68493 18.0961 7.31809 18.0961 7.70862 17.7056L12.0007 13.4135L16.2928 17.7056C16.6834 18.0961 17.3165 18.0961 17.7071 17.7056C18.0976 17.3151 18.0976 16.6819 17.7071 16.2914L13.4149 11.9993L17.7071 7.70711C18.0976 7.31658 18.0976 6.68342 17.7071 6.29289C17.3166 5.90237 16.6834 5.90237 16.2929 6.29289L12.0007 10.5851L7.70857 6.29289Z"
              fill="#999999"
              xmlns="http://www.w3.org/2000/svg"
            />
          </svg>
        </button>
      </div>
    </div>
    <div
      className="modalHeaderstyled__StyledModalHeader-sc-137lyqk-0 eocqdi"
      height={56}
    >
      <div
        className="modalHeaderstyled__StyledModalTitle-sc-137lyqk-1 cAISRc"
      >
        <p
          className="textstyled__StyledText-sc-1vedkxi-0 QRgfL"
          color="inherit"
          cursor="default"
          onClick={[Function]}
          size="xl"
        >
          ICD-10 Code Lookup
        </p>
      </div>
    </div>
    <div
      className="modalContentstyled__StyledModalContent-wawizf-0 fKBzRG"
      height={544}
      onScroll={[Function]}
    >
      <div
        className="iCD10LookupModalstyled__StyledHeaderContainer-sc-16bpd9r-2 fVPiGq"
      >
        <div
          className="iCD10LookupModalstyled__StyledSearchIcon-sc-16bpd9r-1 cEBJOV"
        >
          <svg
            fill="none"
            height={24}
            viewBox="0 0 24 24"
            width={24}
            xmlns="http://www.w3.org/2000/svg"
          >
            <circle
              color="#000"
              cx="10.5"
              cy="9.5"
              opacity=".3"
              r="5.5"
              stroke="currentcolor"
              strokeWidth="2"
            />
            <rect
              fill="#000"
              height="7"
              opacity=".3"
              rx="1"
              transform="rotate(-35 13.7894 16.2376)"
              width="2"
              x="13.7894"
              y="16.2376"
            />
          </svg>
        </div>
        <div
          className="formInputstyled__StyledInputContainer-p3pq9x-0 jOohTQ"
        >
          <input
            className="formInputstyled__StyledFormInput-p3pq9x-1 ckqHZa iCD10LookupModalstyled__StyledSearchInput-sc-16bpd9r-0 jHLVfU"
            data-cy="form-input"
            disabled={false}
            onChange={[Function]}
            placeholder="Filter by name or code"
            type="text"
            value=""
          />
        </div>
      </div>
      <div
        className="iCD10LookupModalstyled__StyledEmptySection-sc-16bpd9r-3 hpPkOE"
      >
        <p
          className="textstyled__StyledText-sc-1vedkxi-0 fDyqSY"
          color="inherit"
          cursor="default"
          onClick={[Function]}
          size="md"
        >
          Your search
          <strong>
             
            
             
          </strong>
          did not match any results.
        </p>
      </div>
    </div>
  </div>,
]
`;
