// Jest Snapshot v1, https://goo.gl/fbAQLP

exports[`TermsCaption modal should match snapshot 1`] = `
<div
  className="termsCaptionstyled__Terms-z6umdk-0 ifttTJ"
>
  By e-signing, you accept Suki AIâ€™s
  <u
    className="termsCaptionstyled__TermsButton-z6umdk-1 jeLHLN"
    onClick={[Function]}
  >
    terms
    .
  </u>
</div>
`;
