// Jest Snapshot v1, https://goo.gl/fbAQLP

exports[`NoteMenu should match snapshot 1`] = `
<div
  className="dropDownMenustyled__StyledDropDownMenu-tw503w-0 gTvYNk"
  data-cy="drop-down-menu-list-item"
  onClick={[Function]}
>
  <div
    className="noteMenustyled__StyledNoteMenuContainer-sc-17cvm2-0 jnjZa-D"
    data-cy="note-menu"
  >
    <a
      className="noteMenustyled__StyledLink-sc-17cvm2-1 bSgFIj"
      data-cy="note-menu-item-0"
      href="/home"
      isDisabled={false}
      onClick={[Function]}
    >
      <div
        className="noteMenuListItemstyled__StyledNoteMenuListItems-sc-10lu9qc-0 EzATm"
      >
        <div
          className="noteMenuListItemstyled__StyledNoteMenuIcon-sc-10lu9qc-1 euPyIa"
        >
          <svg
            fill="none"
            height={24}
            viewBox="0 0 24 24"
            width={24}
            xmlns="http://www.w3.org/2000/svg"
          >
            <path
              clipRule="evenodd"
              d="M8 6H16V7H8V6ZM6 7V6C6 4.89543 6.89543 4 8 4H16C17.1046 4 18 4.89543 18 6V7H20C21.1046 7 22 7.89543 22 9V15C22 16.1046 21.1046 17 20 17H18V20H6V17H4C2.89543 17 2 16.1046 2 15V9C2 7.89543 2.89543 7 4 7H6ZM16 9H8H4V15H6V11H18V15H20V9H16ZM16 13V15V17V18H8V17V15V13H16ZM9 14H15V15H9V14ZM15 16H9V17H15V16Z"
              fill="#2e5f62"
              fillRule="evenodd"
              opacity="1"
            />
          </svg>
        </div>
        <p
          className="textstyled__StyledText-sc-1vedkxi-0 WgCWq"
          color="green"
          cursor="pointer"
          data-cy="note-menu-item-0"
          onClick={[Function]}
          size="sm"
        >
          Print
        </p>
      </div>
    </a>
    <a
      className="noteMenustyled__StyledLink-sc-17cvm2-1 bROybI"
      data-cy="note-menu-item-1"
      href="/home"
      isDisabled={true}
      onClick={[Function]}
    >
      <div
        className="noteMenuListItemstyled__StyledNoteMenuListItems-sc-10lu9qc-0 EzATm"
      >
        <div
          className="noteMenuListItemstyled__StyledNoteMenuIcon-sc-10lu9qc-1 euPyIa"
        >
          <svg
            fill="none"
            height={24}
            viewBox="0 0 24 24"
            width={24}
          >
            <path
              clipRule="evenodd"
              d="M8.15558 4.18772C8.47659 3.46547 9.19283 3 9.98321 3H14.0168C14.8072 3 15.5234 3.46547 15.8444 4.18772L16.6499 6H16.9913H19C19.5523 6 20 6.44772 20 7C20 7.55228 19.5523 8 19 8H18.8133L17.7693 19.1859C17.6734 20.214 16.8105 21 15.778 21H8.22202C7.18946 21 6.32664 20.214 6.23068 19.1859L5.18667 8H5C4.44772 8 4 7.55228 4 7C4 6.44772 4.44772 6 5 6H7.00869H7.35013L8.15558 4.18772ZM16 8H16.8046L15.778 19H8.22202L7.19536 8H8H16ZM14.0168 5L14.4612 6H9.53876L9.98321 5H14.0168ZM9.49852 9.46127C9.47782 9.18604 9.23784 8.98144 8.96251 9.0043C8.68719 9.02716 8.48077 9.26881 8.50148 9.54404L9.10148 17.5206C9.12218 17.7958 9.36216 18.0004 9.63749 17.9775C9.91281 17.9547 10.1192 17.713 10.0985 17.4378L9.49852 9.46127ZM15.0375 9.0043C14.7622 8.98144 14.5222 9.18604 14.5015 9.46127L13.9015 17.4378C13.8808 17.713 14.0872 17.9547 14.3625 17.9775C14.6378 18.0004 14.8778 17.7958 14.8985 17.5206L15.4985 9.54404C15.5192 9.26881 15.3128 9.02716 15.0375 9.0043ZM12.5 9.50266C12.5 9.22651 12.2761 9.00266 12 9.00266C11.7239 9.00266 11.5 9.22651 11.5 9.50266V17.492C11.5 17.7682 11.7239 17.992 12 17.992C12.2761 17.992 12.5 17.7682 12.5 17.492V9.50266Z"
              fill="#2e5f62"
              fillRule="evenodd"
              opacity="1"
            />
          </svg>
        </div>
        <p
          className="textstyled__StyledText-sc-1vedkxi-0 WgCWq"
          color="green"
          cursor="pointer"
          data-cy="note-menu-item-1"
          onClick={[Function]}
          size="sm"
        >
          Delete
        </p>
      </div>
    </a>
  </div>
</div>
`;
