// Jest Snapshot v1, https://goo.gl/fbAQLP

exports[`NoteRefresh should match snapshot 1`] = `
Array [
  <div
    className="modalMaskstyled__StyledBackdrop-sc-169llx0-0 fRODrN"
    onClick={[Function]}
  />,
  <div
    className="modalstyled__StyledModal-sc-1u144rj-1 bSSMMm"
    data-cy=""
    height="auto"
  >
    <div
      aria-label="Close"
      className="modalstyled__StyledCloseButton-sc-1u144rj-0 bSHZet modal-close"
      height={56}
    >
      <div
        className="navigationIconstyled__StyledNavigationIcon-lwvkbw-0 imuqWK"
        data-cy=""
        onMouseEnter={[Function]}
        onMouseLeave={[Function]}
      >
        <button
          className="iconstyled__StyledButton-ifk1iv-0 kgKJBV"
          onClick={[Function]}
        >
          <svg
            height={24}
            viewBox="0 0 24 24"
            width={24}
            xmlns="http://www.w3.org/2000/svg"
          >
            <path
              d="M7.70857 6.29289C7.31805 5.90237 6.68488 5.90237 6.29436 6.29289C5.90383 6.68342 5.90383 7.31658 6.29436 7.70711L10.5865 11.9993L6.2944 16.2914C5.90388 16.6819 5.90388 17.3151 6.2944 17.7056C6.68493 18.0961 7.31809 18.0961 7.70862 17.7056L12.0007 13.4135L16.2928 17.7056C16.6834 18.0961 17.3165 18.0961 17.7071 17.7056C18.0976 17.3151 18.0976 16.6819 17.7071 16.2914L13.4149 11.9993L17.7071 7.70711C18.0976 7.31658 18.0976 6.68342 17.7071 6.29289C17.3166 5.90237 16.6834 5.90237 16.2929 6.29289L12.0007 10.5851L7.70857 6.29289Z"
              fill="#999999"
              xmlns="http://www.w3.org/2000/svg"
            />
          </svg>
        </button>
      </div>
    </div>
    <div
      className="modalHeaderstyled__StyledModalHeader-sc-137lyqk-0 hqHWEz"
      height={52}
    >
      <div
        className="modalHeaderstyled__StyledModalTitle-sc-137lyqk-1 bBaEJZ"
      >
        <p
          className="textstyled__StyledText-sc-1vedkxi-0 QRgfL"
          color="inherit"
          cursor="default"
          onClick={[Function]}
          size="xl"
        >
          Refreshing from EMR
        </p>
      </div>
    </div>
    <div
      className="modalContentstyled__StyledModalContent-wawizf-0 UAtsy"
      height="auto"
      onScroll={[Function]}
    >
      <div
        className="noteRefreshstyled__ContentContainer-so459h-0 kuaaVU"
      >
        <div
          className="noteRefreshstyled__MessageContainer-so459h-2 hHIvjk"
        >
          <p
            className="textstyled__StyledText-sc-1vedkxi-0 fDyqSY"
            color="inherit"
            cursor="default"
            onClick={[Function]}
            size="md"
          >
            This can take up to 30 seconds. Please edit and submit the note from Suki before making more edits in EMR.
          </p>
        </div>
        <div
          className="noteRefreshstyled__LoaderContainer-so459h-1 etbHAg"
        >
          <svg
            enableBackground="new 0 0 0 0"
            height={56}
            id="L9"
            opacity="1"
            version="1.1"
            viewBox="0 0 100 100"
            width={56}
            x="0px"
            xmlSpace="preserve"
            xmlns="http://www.w3.org/2000/svg"
            y="0px"
          >
            <path
              d="M73,50c0-12.7-10.3-23-23-23S27,37.3,27,50 M30.9,50c0-10.5,8.5-19.1,19.1-19.1S69.1,39.5,69.1,50"
              fill="#cccccc"
            >
              <animateTransform
                attributeName="transform"
                attributeType="XML"
                dur="1s"
                from="0 50 50"
                repeatCount="indefinite"
                to="360 50 50"
                type="rotate"
              />
            </path>
          </svg>
        </div>
      </div>
    </div>
  </div>,
]
`;
