// Jest Snapshot v1, https://goo.gl/fbAQLP

exports[`EmbedError should match snapshot 1`] = `"Error: "`;
