// Jest Snapshot v1, https://goo.gl/fbAQLP

exports[`Kebab Menu component should match snapshot 1`] = `
<div
  className="kebabMenustyled__StyledKebabContainer-sc-1pu9i0u-0 iSrbqc"
>
  <button
    className="iconstyled__StyledButton-ifk1iv-0 kgKJBV"
    onClick={[Function]}
  >
    <svg
      aria-hidden="true"
      data-icon="more"
      data-testid="moreOutlineButton"
      fill="#000"
      focusable="false"
      height={32}
      opacity="1"
      viewBox="64 64 896 896"
      width={32}
      xmlns="http://www.w3.org/2000/svg"
    >
      <path
        d="M456 231a56 56 0 10112 0 56 56 0 10-112 0zm0 280a56 56 0 10112 0 56 56 0 10-112 0zm0 280a56 56 0 10112 0 56 56 0 10-112 0z"
      />
    </svg>
  </button>
</div>
`;
